Microsoft Windows [Versión 10.0.19045.2728]
(c) Microsoft Corporation. Todos los derechos reservados.

C:\Users\angel>\sql
"\sql" no se reconoce como un comando interno o externo,
programa o archivo por lotes ejecutable.

C:\Users\angel>"C:\Users\angel\Desktop\MySQL Shell.lnk"
MySQL Shell 8.0.32

Copyright (c) 2016, 2023, Oracle and/or its affiliates.
Oracle is a registered trademark of Oracle Corporation and/or its affiliates.
Other names may be trademarks of their respective owners.

Type '\help' or '\?' for help; '\quit' to exit.
 MySQL  JS >
 MySQL  JS > \sql
Switching to SQL mode... Commands end with ;
 MySQL  SQL > \connect --mc root@localhost
Creating a Classic session to 'root@localhost'
Please provide the password for 'root@localhost': ****
Save password for 'root@localhost'? [Y]es/[N]o/Ne[v]er (default No): n
Fetching global names for auto-completion... Press ^C to stop.
Your MySQL connection id is 8
Server version: 8.0.32 MySQL Community Server - GPL
No default schema selected; type \use <schema> to set one.
 MySQL  localhost:3306 ssl  SQL > \use eva_2;
Default schema set to `eva_2`.
Fetching global names, object names from `eva_2` for auto-completion... Press ^C to stop.
 MySQL  localhost:3306 ssl  eva_2  SQL > 'CREATE DATABASE Company;
                                      '> USE Company;
                                      '> CREATE TABLE Employee (
                                      '>   EmployeeId INT PRIMARY KEY,
                                      '>   FullName VARCHAR(50) NOT NULL,
                                      '>   Technology VARCHAR(50) NOT NULL,
                                      '>   Salary FLOAT NOT NULL,
                                      '>   Gender VARCHAR(50) NOT NULL,
                                      '>   Age INT NOT NULL
                                      '> );
                                      '> INSERT INTO Employee (EmployeeId, FullName, Technology, Salary, Gender, Age) VALUES (1001, 'John Doe', 'Java', 35000, 'Male', 25);
                                      '> INSERT INTO Employee (EmployeeId, FullName, Technology, Salary, Gender, Age) VALUES (1002, 'Mary Smith', 'Java', 45000, 'Female', 27);
                                      '> INSERT INTO Employee (EmployeeId, FullName, Technology, Salary, Gender, Age) VALUES (1003, 'James Brown', 'Java', 50000, 'Male', 28);
                                      '> INSERT INTO Employee (EmployeeId, FullName, Technology, Salary, Gender, Age) VALUES (1004, 'Mike Walker', '.NET', 50000, 'Male', 28);
                                      '> INSERT INTO Employee (EmployeeId, FullName, Technology, Salary, Gender, Age) VALUES (1005, 'Linda Jones', '.NET', 75000, 'Female', 26);
                                      '> INSERT INTO Employee (EmployeeId, FullName, Technology, Salary, Gender, Age) VALUES (1006, 'Anurag Mohanty', '.NET', 35000, 'Male', 25);
                                      '> INSERT INTO Employee (EmployeeId, FullName, Technology, Salary, Gender, Age) VALUES (1007, 'Priyanla Dewangan', '.NET', 45000, 'Female', 27);
                                      '> INSERT INTO Employee (EmployeeId, FullName, Technology, Salary, Gender, Age) VALUES (1008, 'Sambit Mohanty', '.NET', 50000, 'Male', 28);
                                      '> INSERT INTO Employee (EmployeeId, FullName, Technology, Salary, Gender, Age) VALUES (1009, 'Pranaya Kumar', 'Java', 50000, 'Male', 28);
                                      '> INSERT INTO Employee (EmployeeId, FullName, Technology, Salary, Gender, Age) VALUES (1010, 'Hina Sharma', 'Java', 75000, 'Female', 26);
                                      '> CREATE TABLE Projects (
                                      '>  ProjectId INT PRIMARY KEY AUTO_INCREMENT,
                                      '>     ProjectName VARCHAR(200) NOT NULL,
                                      '>  EmployeeId INT,
                                      '>     StartDate DATETIME,
                                      '>     EndDate DATETIME,
                                      '>     FOREIGN KEY (EmployeeId) REFERENCES Employee(EmployeeId)
                                      '> );
                                      '> INSERT INTO Projects (ProjectName, EmployeeId, StartDate, EndDate) VALUES
                                      '> ('Develop Ecommerse Website from scratch', 1003, NOW(), DATE_ADD(NOW(), INTERVAL 30 DAY)),
                                      '> ('WordPress Website for our company', 1002, NOW(), DATE_ADD(NOW(), INTERVAL 45 DAY)),
                                      '> ('Manage our Company Servers', 1007, NOW(), DATE_ADD(NOW(), INTERVAL 45 DAY)),
                                      '> ('Hosting account is not working', 1009, NOW(), DATE_ADD(NOW(), INTERVAL 7 DAY)),
                                      '> ('MySQL database from my desktop application', 1010, NOW(), DATE_ADD(NOW(), INTERVAL 15 DAY)),
                                      '> ('Develop new WordPress plugin for my business website', NULL, NOW(), DATE_ADD(NOW(), INTERVAL 10 DAY)),
                                      '> ('Migrate web application and database to new server', NULL, NOW(), DATE_ADD(NOW(), INTERVAL 5 DAY)),
                                      '> ('Android Application development', 1004, NOW(), DATE_ADD(NOW(), INTERVAL 30 DAY)),
                                      '> ('Hosting account is not working', 1001, NOW(), DATE_ADD(NOW(), INTERVAL 7 DAY)),
                                      '> ('MySQL database from my desktop application', 1008, NOW(), DATE_ADD(NOW(), INTERVAL 15 DAY)),
                                      '> ('Develop new WordPress plugin for my business website', NULL, NOW(), DATE_ADD(NOW(), INTERVAL 10 DAY));
                                      '> CREATE TABLE Address
                                      '> (
                                      '>     AddressId INT PRIMARY KEY AUTO_INCREMENT,
                                      '>     EmployeeId INT,
                                      '>     Country VARCHAR(50),
                                      '>     State VARCHAR(50),
                                      '>     City VARCHAR(50),
                                      '>     FOREIGN KEY (EmployeeId) REFERENCES Employee(EmployeeId)
                                      '> );
                                      '> INSERT INTO Address (EmployeeId, Country, State, City) Values (1001, 'India', 'Odisha', 'BBSR');
                                      '> INSERT INTO Address (EmployeeId, Country, State, City) Values (1002, 'India', 'Maharashtra', 'Mumbai');
                                      '> INSERT INTO Address (EmployeeId, Country, State, City) Values (1003, 'India', 'Maharashtra', 'Pune');
                                      '> INSERT INTO Address (EmployeeId, Country, State, City) Values (1004, 'India', 'Odisha', 'Cuttack');
                                      '> INSERT INTO Address (EmployeeId, Country, State, City) Values (1006, 'India', 'Odisha', 'BBSR');gpur');
                                      '> INSERT INTO Address (EmployeeId, Country, State, City) Values (1006, 'India', 'Odisha', 'BBSR');
                                      '>
                                      '>
                                      '>
                                      '>
                                      '>
                                      '>
                                      '>
                                      '>
                                      '>
                                      '>
                                      '>
                                      '>
                                      '>
                                      '>
                                      '>
                                      '>
Bye!

C:\Users\angel>\"C:\Users\angel\Desktop\MySQL Shell.lnk"
El nombre de archivo, el nombre de directorio o la sintaxis de la etiqueta del volumen no son correctos.
C:\Users\angel>"C:\Users\angel\Desktop\MySQL Shell.lnk"
MySQL Shell 8.0.32

Copyright (c) 2016, 2023, Oracle and/or its affiliates.
Oracle is a registered trademark of Oracle Corporation and/or its affiliates.
Other names may be trademarks of their respective owners.

Type '\help' or '\?' for help; '\quit' to exit.
 MySQL  JS > \sql
Switching to SQL mode... Commands end with ;
 MySQL  SQL > \connect --mc root@localhost
Creating a Classic session to 'root@localhost'
Please provide the password for 'root@localhost': ****
Save password for 'root@localhost'? [Y]es/[N]o/Ne[v]er (default No): n
Fetching global names for auto-completion... Press ^C to stop.
Your MySQL connection id is 9
Server version: 8.0.32 MySQL Community Server - GPL
No default schema selected; type \use <schema> to set one.
 MySQL  localhost:3306 ssl  SQL > CREATE DATABASE Company;
Query OK, 1 row affected (0.1333 sec)
 MySQL  localhost:3306 ssl  SQL > USE Company;
Default schema set to `Company`.
Fetching global names, object names from `company` for auto-completion... Press ^C to stop.
 MySQL  localhost:3306 ssl  company  SQL > CREATE TABLE Employee (
                                        ->   EmployeeId INT PRIMARY KEY,
                                        ->   FullName VARCHAR(50) NOT NULL,
                                        ->   Technology VARCHAR(50) NOT NULL,
                                        ->   Salary FLOAT NOT NULL,
                                        ->   Gender VARCHAR(50) NOT NULL,
                                        ->   Age INT NOT NULL
                                        -> );
Query OK, 0 rows affected (1.7623 sec)
 MySQL  localhost:3306 ssl  company  SQL > INSERT INTO Employee (EmployeeId, FullName, Technology, Salary, Gender, Age) VALUES (1001, 'John Doe', 'Java', 35000, 'Male', 25);
Query OK, 1 row affected (0.3405 sec)
 MySQL  localhost:3306 ssl  company  SQL > INSERT INTO Employee (EmployeeId, FullName, Technology, Salary, Gender, Age) VALUES (1002, 'Mary Smith', 'Java', 45000, 'Female', 27);
Query OK, 1 row affected (0.0387 sec)
 MySQL  localhost:3306 ssl  company  SQL > INSERT INTO Employee (EmployeeId, FullName, Technology, Salary, Gender, Age) VALUES (1003, 'James Brown', 'Java', 50000, 'Male', 28);
Query OK, 1 row affected (0.0526 sec)
 MySQL  localhost:3306 ssl  company  SQL > INSERT INTO Employee (EmployeeId, FullName, Technology, Salary, Gender, Age) VALUES (1004, 'Mike Walker', '.NET', 50000, 'Male', 28);
Query OK, 1 row affected (0.0632 sec)
 MySQL  localhost:3306 ssl  company  SQL > INSERT INTO Employee (EmployeeId, FullName, Technology, Salary, Gender, Age) VALUES (1005, 'Linda Jones', '.NET', 75000, 'Female', 26);
Query OK, 1 row affected (0.0310 sec)
 MySQL  localhost:3306 ssl  company  SQL > INSERT INTO Employee (EmployeeId, FullName, Technology, Salary, Gender, Age) VALUES (1006, 'Anurag Mohanty', '.NET', 35000, 'Male', 25);
Query OK, 1 row affected (0.0269 sec)
 MySQL  localhost:3306 ssl  company  SQL > INSERT INTO Employee (EmployeeId, FullName, Technology, Salary, Gender, Age) VALUES (1007, 'Priyanla Dewangan', '.NET', 45000, 'Female', 27);
Query OK, 1 row affected (0.0383 sec)
 MySQL  localhost:3306 ssl  company  SQL > INSERT INTO Employee (EmployeeId, FullName, Technology, Salary, Gender, Age) VALUES (1008, 'Sambit Mohanty', '.NET', 50000, 'Male', 28);
Query OK, 1 row affected (0.0256 sec)
 MySQL  localhost:3306 ssl  company  SQL > INSERT INTO Employee (EmployeeId, FullName, Technology, Salary, Gender, Age) VALUES (1009, 'Pranaya Kumar', 'Java', 50000, 'Male', 28);
Query OK, 1 row affected (0.0413 sec)
 MySQL  localhost:3306 ssl  company  SQL > INSERT INTO Employee (EmployeeId, FullName, Technology, Salary, Gender, Age) VALUES (1010, 'Hina Sharma', 'Java', 75000, 'Female', 26);
Query OK, 1 row affected (0.0380 sec)
 MySQL  localhost:3306 ssl  company  SQL > CREATE TABLE Projects (
                                        ->  ProjectId INT PRIMARY KEY AUTO_INCREMENT,
                                        ->     ProjectName VARCHAR(200) NOT NULL,
                                        ->  EmployeeId INT,
                                        ->     StartDate DATETIME,
                                        ->     EndDate DATETIME,
                                        ->     FOREIGN KEY (EmployeeId) REFERENCES Employee(EmployeeId)
                                        -> );
Query OK, 0 rows affected (0.1899 sec)
 MySQL  localhost:3306 ssl  company  SQL > INSERT INTO Projects (ProjectName, EmployeeId, StartDate, EndDate) VALUES
                                        -> ('Develop Ecommerse Website from scratch', 1003, NOW(), DATE_ADD(NOW(), INTERVAL 30 DAY)),
                                        -> ('WordPress Website for our company', 1002, NOW(), DATE_ADD(NOW(), INTERVAL 45 DAY)),
                                        -> ('Manage our Company Servers', 1007, NOW(), DATE_ADD(NOW(), INTERVAL 45 DAY)),
                                        -> ('Hosting account is not working', 1009, NOW(), DATE_ADD(NOW(), INTERVAL 7 DAY)),
                                        -> ('MySQL database from my desktop application', 1010, NOW(), DATE_ADD(NOW(), INTERVAL 15 DAY)),
                                        -> ('Develop new WordPress plugin for my business website', NULL, NOW(), DATE_ADD(NOW(), INTERVAL 10 DAY)),
                                        -> ('Migrate web application and database to new server', NULL, NOW(), DATE_ADD(NOW(), INTERVAL 5 DAY)),
                                        -> ('Android Application development', 1004, NOW(), DATE_ADD(NOW(), INTERVAL 30 DAY)),
                                        -> ('Hosting account is not working', 1001, NOW(), DATE_ADD(NOW(), INTERVAL 7 DAY)),
                                        -> ('MySQL database from my desktop application', 1008, NOW(), DATE_ADD(NOW(), INTERVAL 15 DAY)),
                                        -> ('Develop new WordPress plugin for my business website', NULL, NOW(), DATE_ADD(NOW(), INTERVAL 10 DAY));
Query OK, 11 rows affected (0.0322 sec)

Records: 11  Duplicates: 0  Warnings: 0
 MySQL  localhost:3306 ssl  company  SQL > CREATE TABLE Address
                                        -> (
                                        ->     AddressId INT PRIMARY KEY AUTO_INCREMENT,
                                        ->     EmployeeId INT,
                                        ->     Country VARCHAR(50),
                                        ->     State VARCHAR(50),
                                        ->     City VARCHAR(50),
                                        ->     FOREIGN KEY (EmployeeId) REFERENCES Employee(EmployeeId)
                                        -> );
Query OK, 0 rows affected (0.2628 sec)
 MySQL  localhost:3306 ssl  company  SQL > INSERT INTO Address (EmployeeId, Country, State, City) Values (1001, 'India', 'Odisha', 'BBSR');
Query OK, 1 row affected (0.0312 sec)
 MySQL  localhost:3306 ssl  company  SQL > INSERT INTO Address (EmployeeId, Country, State, City) Values (1002, 'India', 'Maharashtra', 'Mumbai');
Query OK, 1 row affected (0.0305 sec)
 MySQL  localhost:3306 ssl  company  SQL > INSERT INTO Address (EmployeeId, Country, State, City) Values (1003, 'India', 'Maharashtra', 'Pune');
Query OK, 1 row affected (0.0521 sec)
 MySQL  localhost:3306 ssl  company  SQL > INSERT INTO Address (EmployeeId, Country, State, City) Values (1004, 'India', 'Odisha', 'Cuttack');
Query OK, 1 row affected (0.0426 sec)
 MySQL  localhost:3306 ssl  company  SQL > INSERT INTO Address (EmployeeId, Country, State, City) Values (1005, 'India', 'Maharashtra', 'Nagpur');
Query OK, 1 row affected (0.0295 sec)
 MySQL  localhost:3306 ssl  company  SQL > INSERT INTO Address (EmployeeId, Country, State, City) Values (1006, 'India', 'Odisha', 'BBSR');
Query OK, 1 row affected (0.0915 sec)
 MySQL  localhost:3306 ssl  company  SQL > show tables;
+-------------------+
| Tables_in_company |
+-------------------+
| address           |
| employee          |
| projects          |
+-------------------+
3 rows in set (0.0016 sec)
 MySQL  localhost:3306 ssl  company  SQL > select * from projects;
+-----------+------------------------------------------------------+------------+---------------------+---------------------+
| ProjectId | ProjectName                                          | EmployeeId | StartDate           | EndDate             |
+-----------+------------------------------------------------------+------------+---------------------+---------------------+
|         1 | Develop Ecommerse Website from scratch               |       1003 | 2023-03-22 11:11:20 | 2023-04-21 11:11:20 |
|         2 | WordPress Website for our company                    |       1002 | 2023-03-22 11:11:20 | 2023-05-06 11:11:20 |
|         3 | Manage our Company Servers                           |       1007 | 2023-03-22 11:11:20 | 2023-05-06 11:11:20 |
|         4 | Hosting account is not working                       |       1009 | 2023-03-22 11:11:20 | 2023-03-29 11:11:20 |
|         5 | MySQL database from my desktop application           |       1010 | 2023-03-22 11:11:20 | 2023-04-06 11:11:20 |
|         6 | Develop new WordPress plugin for my business website |       NULL | 2023-03-22 11:11:20 | 2023-04-01 11:11:20 |
|         7 | Migrate web application and database to new server   |       NULL | 2023-03-22 11:11:20 | 2023-03-27 11:11:20 |
|         8 | Android Application development                      |       1004 | 2023-03-22 11:11:20 | 2023-04-21 11:11:20 |
|         9 | Hosting account is not working                       |       1001 | 2023-03-22 11:11:20 | 2023-03-29 11:11:20 |
|        10 | MySQL database from my desktop application           |       1008 | 2023-03-22 11:11:20 | 2023-04-06 11:11:20 |
|        11 | Develop new WordPress plugin for my business website |       NULL | 2023-03-22 11:11:20 | 2023-04-01 11:11:20 |
+-----------+------------------------------------------------------+------------+---------------------+---------------------+
11 rows in set (0.0006 sec)
 MySQL  localhost:3306 ssl  company  SQL > select * from address;
+-----------+------------+---------+-------------+---------+
| AddressId | EmployeeId | Country | State       | City    |
+-----------+------------+---------+-------------+---------+
|         1 |       1001 | India   | Odisha      | BBSR    |
|         2 |       1002 | India   | Maharashtra | Mumbai  |
|         3 |       1003 | India   | Maharashtra | Pune    |
|         4 |       1004 | India   | Odisha      | Cuttack |
|         5 |       1005 | India   | Maharashtra | Nagpur  |
|         6 |       1006 | India   | Odisha      | BBSR    |
+-----------+------------+---------+-------------+---------+
6 rows in set (0.0004 sec)
 MySQL  localhost:3306 ssl  company  SQL > select * from employee;
+------------+-------------------+------------+--------+--------+-----+
| EmployeeId | FullName          | Technology | Salary | Gender | Age |
+------------+-------------------+------------+--------+--------+-----+
|       1001 | John Doe          | Java       |  35000 | Male   |  25 |
|       1002 | Mary Smith        | Java       |  45000 | Female |  27 |
|       1003 | James Brown       | Java       |  50000 | Male   |  28 |
|       1004 | Mike Walker       | .NET       |  50000 | Male   |  28 |
|       1005 | Linda Jones       | .NET       |  75000 | Female |  26 |
|       1006 | Anurag Mohanty    | .NET       |  35000 | Male   |  25 |
|       1007 | Priyanla Dewangan | .NET       |  45000 | Female |  27 |
|       1008 | Sambit Mohanty    | .NET       |  50000 | Male   |  28 |
|       1009 | Pranaya Kumar     | Java       |  50000 | Male   |  28 |
|       1010 | Hina Sharma       | Java       |  75000 | Female |  26 |
+------------+-------------------+------------+--------+--------+-----+
10 rows in set (0.0019 sec)
 MySQL  localhost:3306 ssl  company  SQL > CREATE DATABASE Company;
ERROR: 1007 (HY000): Can't create database 'company'; database exists
 MySQL  localhost:3306 ssl  company  SQL > USE Company;
Default schema set to `Company`.
Fetching global names, object names from `company` for auto-completion... Press ^C to stop.
 MySQL  localhost:3306 ssl  company  SQL > CREATE TABLE Employee (
                                        ->   EmployeeId INT PRIMARY KEY,
                                        ->   FullName VARCHAR(50) NOT NULL,
                                        ->   Technology VARCHAR(50) NOT NULL,
                                        ->   Salary FLOAT NOT NULL,
                                        ->   Gender VARCHAR(50) NOT NULL,
                                        ->   Age INT NOT NULL
                                        -> );
ERROR: 1050 (42S01): Table 'employee' already exists
 MySQL  localhost:3306 ssl  company  SQL > INSERT INTO Employee (EmployeeId, FullName, Technology, Salary, Gender, Age) VALUES (1001, 'John Doe', 'Java', 35000, 'Male', 25);
ERROR: 1062 (23000): Duplicate entry '1001' for key 'employee.PRIMARY'
 MySQL  localhost:3306 ssl  company  SQL > INSERT INTO Employee (EmployeeId, FullName, Technology, Salary, Gender, Age) VALUES (1002, 'Mary Smith', 'Java', 45000, 'Female', 27);
ERROR: 1062 (23000): Duplicate entry '1002' for key 'employee.PRIMARY'
 MySQL  localhost:3306 ssl  company  SQL > INSERT INTO Employee (EmployeeId, FullName, Technology, Salary, Gender, Age) VALUES (1003, 'James Brown', 'Java', 50000, 'Male', 28);
ERROR: 1062 (23000): Duplicate entry '1003' for key 'employee.PRIMARY'
 MySQL  localhost:3306 ssl  company  SQL > INSERT INTO Employee (EmployeeId, FullName, Technology, Salary, Gender, Age) VALUES (1004, 'Mike Walker', '.NET', 50000, 'Male', 28);
ERROR: 1062 (23000): Duplicate entry '1004' for key 'employee.PRIMARY'
 MySQL  localhost:3306 ssl  company  SQL > INSERT INTO Employee (EmployeeId, FullName, Technology, Salary, Gender, Age) VALUES (1005, 'Linda Jones', '.NET', 75000, 'Female', 26);
ERROR: 1062 (23000): Duplicate entry '1005' for key 'employee.PRIMARY'
 MySQL  localhost:3306 ssl  company  SQL > INSERT INTO Employee (EmployeeId, FullName, Technology, Salary, Gender, Age) VALUES (1006, 'Anurag Mohanty', '.NET', 35000, 'Male', 25);
ERROR: 1062 (23000): Duplicate entry '1006' for key 'employee.PRIMARY'
 MySQL  localhost:3306 ssl  company  SQL > INSERT INTO Employee (EmployeeId, FullName, Technology, Salary, Gender, Age) VALUES (1007, 'Priyanla Dewangan', '.NET', 45000, 'Female', 27);
ERROR: 1062 (23000): Duplicate entry '1007' for key 'employee.PRIMARY'
 MySQL  localhost:3306 ssl  company  SQL > INSERT INTO Employee (EmployeeId, FullName, Technology, Salary, Gender, Age) VALUES (1008, 'Sambit Mohanty', '.NET', 50000, 'Male', 28);
ERROR: 1062 (23000): Duplicate entry '1008' for key 'employee.PRIMARY'
 MySQL  localhost:3306 ssl  company  SQL > INSERT INTO Employee (EmployeeId, FullName, Technology, Salary, Gender, Age) VALUES (1009, 'Pranaya Kumar', 'Java', 50000, 'Male', 28);
ERROR: 1062 (23000): Duplicate entry '1009' for key 'employee.PRIMARY'
 MySQL  localhost:3306 ssl  company  SQL > INSERT INTO Employee (EmployeeId, FullName, Technology, Salary, Gender, Age) VALUES (1010, 'Hina Sharma', 'Java', 75000, 'Female', 26);
ERROR: 1062 (23000): Duplicate entry '1010' for key 'employee.PRIMARY'
 MySQL  localhost:3306 ssl  company  SQL > CREATE TABLE Projects (
                                        ->  ProjectId INT PRIMARY KEY AUTO_INCREMENT,
                                        ->     ProjectName VARCHAR(200) NOT NULL,
                                        ->  EmployeeId INT,
                                        ->     StartDate DATETIME,
                                        ->     EndDate DATETIME,
                                        ->     FOREIGN KEY (EmployeeId) REFERENCES Employee(EmployeeId)
                                        -> );
ERROR: 1050 (42S01): Table 'projects' already exists
 MySQL  localhost:3306 ssl  company  SQL > INSERT INTO Projects (ProjectName, EmployeeId, StartDate, EndDate) VALUES
                                        -> ('Develop Ecommerse Website from scratch', 1003, NOW(), DATE_ADD(NOW(), INTERVAL 30 DAY)),
                                        -> ('WordPress Website for our company', 1002, NOW(), DATE_ADD(NOW(), INTERVAL 45 DAY)),
                                        -> ('Manage our Company Servers', 1007, NOW(), DATE_ADD(NOW(), INTERVAL 45 DAY)),
                                        -> ('Hosting account is not working', 1009, NOW(), DATE_ADD(NOW(), INTERVAL 7 DAY)),
                                        -> ('MySQL database from my desktop application', 1010, NOW(), DATE_ADD(NOW(), INTERVAL 15 DAY)),
                                        -> ('Develop new WordPress plugin for my business website', NULL, NOW(), DATE_ADD(NOW(), INTERVAL 10 DAY)),
                                        -> ('Migrate web application and database to new server', NULL, NOW(), DATE_ADD(NOW(), INTERVAL 5 DAY)),
                                        -> ('Android Application development', 1004, NOW(), DATE_ADD(NOW(), INTERVAL 30 DAY)),
                                        -> ('Hosting account is not working', 1001, NOW(), DATE_ADD(NOW(), INTERVAL 7 DAY)),
                                        -> ('MySQL database from my desktop application', 1008, NOW(), DATE_ADD(NOW(), INTERVAL 15 DAY)),
                                        -> ('Develop new WordPress plugin for my business website', NULL, NOW(), DATE_ADD(NOW(), INTERVAL 10 DAY));
Query OK, 11 rows affected (0.0268 sec)

Records: 11  Duplicates: 0  Warnings: 0
 MySQL  localhost:3306 ssl  company  SQL > CREATE TABLE Address
                                        -> (
                                        ->     AddressId INT PRIMARY KEY AUTO_INCREMENT,
                                        ->     EmployeeId INT,
                                        ->     Country VARCHAR(50),
                                        ->     State VARCHAR(50),
                                        ->     City VARCHAR(50),
                                        ->     FOREIGN KEY (EmployeeId) REFERENCES Employee(EmployeeId)
                                        -> );
ERROR: 1050 (42S01): Table 'address' already exists
 MySQL  localhost:3306 ssl  company  SQL > INSERT INTO Address (EmployeeId, Country, State, City) Values (1001, 'India', 'Odisha', 'BBSR');
Query OK, 1 row affected (0.0148 sec)
 MySQL  localhost:3306 ssl  company  SQL > INSERT INTO Address (EmployeeId, Country, State, City) Values (1002, 'India', 'Maharashtra', 'Mumbai');
Query OK, 1 row affected (0.0152 sec)
 MySQL  localhost:3306 ssl  company  SQL > INSERT INTO Address (EmployeeId, Country, State, City) Values (1003, 'India', 'Maharashtra', 'Pune');
Query OK, 1 row affected (0.0128 sec)
 MySQL  localhost:3306 ssl  company  SQL > INSERT INTO Address (EmployeeId, Country, State, City) Values (1004, 'India', 'Odisha', 'Cuttack');
Query OK, 1 row affected (0.0153 sec)
 MySQL  localhost:3306 ssl  company  SQL > INSERT INTO Address (EmployeeId, Country, State, City) Values (1005, 'India', 'Maharashtra', 'Nagpur');
Query OK, 1 row affected (0.0134 sec)
 MySQL  localhost:3306 ssl  company  SQL > INSERT INTO Address (EmployeeId, Country, State, City) Values (1006, 'India', 'Odisha', 'BBSR');
Query OK, 1 row affected (0.0307 sec)
 MySQL  localhost:3306 ssl  company  SQL > show tables,
                                        -> ;
ERROR: 1064 (42000): You have an error in your SQL syntax; check the manual that corresponds to your MySQL server version for the right syntax to use near ',' at line 1
 MySQL  localhost:3306 ssl  company  SQL > show tables;
+-------------------+
| Tables_in_company |
+-------------------+
| address           |
| employee          |
| projects          |
+-------------------+
3 rows in set (0.0019 sec)
 MySQL  localhost:3306 ssl  company  SQL > show databeses;
ERROR: 1064 (42000): You have an error in your SQL syntax; check the manual that corresponds to your MySQL server version for the right syntax to use near 'databeses' at line 1
 MySQL  localhost:3306 ssl  company  SQL > show databases;
+--------------------+
| Database           |
+--------------------+
| agencia            |
| company            |
| eva_2              |
| evaluacion_1       |
| human_resources    |
| information_schema |
| mysql              |
| performance_schema |
| sakila             |
| sys                |
| world              |
+--------------------+
11 rows in set (0.0009 sec)
 MySQL  localhost:3306 ssl  company  SQL > selectn* from projects
                                        -> where emproyeeid is not null;
ERROR: 1064 (42000): You have an error in your SQL syntax; check the manual that corresponds to your MySQL server version for the right syntax to use near 'selectn* from projects
where emproyeeid is not null' at line 1
 MySQL  localhost:3306 ssl  company  SQL > select * from projects  where emproyeeid is not null;
ERROR: 1054 (42S22): Unknown column 'emproyeeid' in 'where clause'
 MySQL  localhost:3306 ssl  company  SQL > select * from projects  where employeeid is not null;
+-----------+--------------------------------------------+------------+---------------------+---------------------+
| ProjectId | ProjectName                                | EmployeeId | StartDate           | EndDate             |
+-----------+--------------------------------------------+------------+---------------------+---------------------+
|         1 | Develop Ecommerse Website from scratch     |       1003 | 2023-03-22 11:11:20 | 2023-04-21 11:11:20 |
|         2 | WordPress Website for our company          |       1002 | 2023-03-22 11:11:20 | 2023-05-06 11:11:20 |
|         3 | Manage our Company Servers                 |       1007 | 2023-03-22 11:11:20 | 2023-05-06 11:11:20 |
|         4 | Hosting account is not working             |       1009 | 2023-03-22 11:11:20 | 2023-03-29 11:11:20 |
|         5 | MySQL database from my desktop application |       1010 | 2023-03-22 11:11:20 | 2023-04-06 11:11:20 |
|         8 | Android Application development            |       1004 | 2023-03-22 11:11:20 | 2023-04-21 11:11:20 |
|         9 | Hosting account is not working             |       1001 | 2023-03-22 11:11:20 | 2023-03-29 11:11:20 |
|        10 | MySQL database from my desktop application |       1008 | 2023-03-22 11:11:20 | 2023-04-06 11:11:20 |
|        12 | Develop Ecommerse Website from scratch     |       1003 | 2023-03-22 11:14:09 | 2023-04-21 11:14:09 |
|        13 | WordPress Website for our company          |       1002 | 2023-03-22 11:14:09 | 2023-05-06 11:14:09 |
|        14 | Manage our Company Servers                 |       1007 | 2023-03-22 11:14:09 | 2023-05-06 11:14:09 |
|        15 | Hosting account is not working             |       1009 | 2023-03-22 11:14:09 | 2023-03-29 11:14:09 |
|        16 | MySQL database from my desktop application |       1010 | 2023-03-22 11:14:09 | 2023-04-06 11:14:09 |
|        19 | Android Application development            |       1004 | 2023-03-22 11:14:09 | 2023-04-21 11:14:09 |
|        20 | Hosting account is not working             |       1001 | 2023-03-22 11:14:09 | 2023-03-29 11:14:09 |
|        21 | MySQL database from my desktop application |       1008 | 2023-03-22 11:14:09 | 2023-04-06 11:14:09 |
+-----------+--------------------------------------------+------------+---------------------+---------------------+
16 rows in set (0.0006 sec)
 MySQL  localhost:3306 ssl  company  SQL > selecta.projectname, b.fullname
                                        -> from projects a
                                        -> inner join employee b an a.employee b
                                        -> on a.employeeid = b.employeeid;
ERROR: 1064 (42000): You have an error in your SQL syntax; check the manual that corresponds to your MySQL server version for the right syntax to use near 'selecta.projectname, b.fullname
from projects a
inner join employee b an a.empl' at line 1
 MySQL  localhost:3306 ssl  company  SQL > selecta projectname, b.fullname  from projects a inner join employee b an a.employee b on a.employeeid = b.employeeid;
ERROR: 1064 (42000): You have an error in your SQL syntax; check the manual that corresponds to your MySQL server version for the right syntax to use near 'selecta projectname, b.fullname  from projects a inner join employee b an a.empl' at line 1
 MySQL  localhost:3306 ssl  company  SQL > select a projectname, b.fullname  from projects a inner join employee b an a.employee b on a.employeeid = b.employeeid;
ERROR: 1064 (42000): You have an error in your SQL syntax; check the manual that corresponds to your MySQL server version for the right syntax to use near 'an a.employee b on a.employeeid = b.employeeid' at line 1
 MySQL  localhost:3306 ssl  company  SQL > select a.projectname, b.fullname  from projects a inner join employee b an a.employee b on a.employeeid = b.employeeid;
ERROR: 1064 (42000): You have an error in your SQL syntax; check the manual that corresponds to your MySQL server version for the right syntax to use near 'an a.employee b on a.employeeid = b.employeeid' at line 1
 MySQL  localhost:3306 ssl  company  SQL > select a.projectname, b.fullname  from projects a inner join employee b on a.employee b on a.employeeid = b.employeeid;
ERROR: 1064 (42000): You have an error in your SQL syntax; check the manual that corresponds to your MySQL server version for the right syntax to use near 'b on a.employeeid = b.employeeid' at line 1
 MySQL  localhost:3306 ssl  company  SQL > select a.projectName, b.fullname from projects a inner join employee b on a.employeeid = b.employeeid;
+--------------------------------------------+-------------------+
| projectName                                | fullname          |
+--------------------------------------------+-------------------+
| Hosting account is not working             | John Doe          |
| Hosting account is not working             | John Doe          |
| WordPress Website for our company          | Mary Smith        |
| WordPress Website for our company          | Mary Smith        |
| Develop Ecommerse Website from scratch     | James Brown       |
| Develop Ecommerse Website from scratch     | James Brown       |
| Android Application development            | Mike Walker       |
| Android Application development            | Mike Walker       |
| Manage our Company Servers                 | Priyanla Dewangan |
| Manage our Company Servers                 | Priyanla Dewangan |
| MySQL database from my desktop application | Sambit Mohanty    |
| MySQL database from my desktop application | Sambit Mohanty    |
| Hosting account is not working             | Pranaya Kumar     |
| Hosting account is not working             | Pranaya Kumar     |
| MySQL database from my desktop application | Hina Sharma       |
| MySQL database from my desktop application | Hina Sharma       |
+--------------------------------------------+-------------------+
16 rows in set (0.0007 sec)
 MySQL  localhost:3306 ssl  company  SQL > select a.fullname, b.country, b.state, b.city from employee a inner join adrees on a.employeeid 0 b.employeeid;
ERROR: 1064 (42000): You have an error in your SQL syntax; check the manual that corresponds to your MySQL server version for the right syntax to use near '0 b.employeeid' at line 1
 MySQL  localhost:3306 ssl  company  SQL > select a.fullname, b.country, b.state, b.city from employee a inner join adrees on a.employeeid = b.employeeid;
ERROR: 1146 (42S02): Table 'company.adrees' doesn't exist
 MySQL  localhost:3306 ssl  company  SQL > select a.fullname, b.country, b.state, b.city from employee a inner join addrees on a.employeeid = b.employeeid;
ERROR: 1146 (42S02): Table 'company.addrees' doesn't exist
 MySQL  localhost:3306 ssl  company  SQL > select a.fullname, b.country, b.state, b.city from employee a inner join address on a.employeeid = b.employeeid;
ERROR: 1054 (42S22): Unknown column 'b.country' in 'field list'
 MySQL  localhost:3306 ssl  company  SQL > select a.fullname, b.country, b.state, b.city from employee a inner join address on a.employeeid = b.employeeid;
ERROR: 1054 (42S22): Unknown column 'b.country' in 'field list'
 MySQL  localhost:3306 ssl  company  SQL > select a.projectname, b.fullname, c.city
                                        -> from projects a
                                        -> inner join employee b
                                        -> on a.employeeid = b.employeeid
                                        -> inner join address c
                                        -> on b.employeeid = c.employeeeid,;
ERROR: 1064 (42000): You have an error in your SQL syntax; check the manual that corresponds to your MySQL server version for the right syntax to use near '' at line 6
 MySQL  localhost:3306 ssl  company  SQL > select a.projectname, b.fullname, c.city from projects a inner join employee b  on a.employeeid = b.employeeid inner join address c on b.employeeid = c.employeeeid;
ERROR: 1054 (42S22): Unknown column 'c.employeeeid' in 'on clause'
 MySQL  localhost:3306 ssl  company  SQL > select a.projectname, b.fullname, c.city from projects a inner join employee b  on a.employeeid = b.employeeid inner join address c on b.employeeid = c.employeeid;
+----------------------------------------+-------------+---------+
| projectname                            | fullname    | city    |
+----------------------------------------+-------------+---------+
| Hosting account is not working         | John Doe    | BBSR    |
| Hosting account is not working         | John Doe    | BBSR    |
| Hosting account is not working         | John Doe    | BBSR    |
| Hosting account is not working         | John Doe    | BBSR    |
| WordPress Website for our company      | Mary Smith  | Mumbai  |
| WordPress Website for our company      | Mary Smith  | Mumbai  |
| WordPress Website for our company      | Mary Smith  | Mumbai  |
| WordPress Website for our company      | Mary Smith  | Mumbai  |
| Develop Ecommerse Website from scratch | James Brown | Pune    |
| Develop Ecommerse Website from scratch | James Brown | Pune    |
| Develop Ecommerse Website from scratch | James Brown | Pune    |
| Develop Ecommerse Website from scratch | James Brown | Pune    |
| Android Application development        | Mike Walker | Cuttack |
| Android Application development        | Mike Walker | Cuttack |
| Android Application development        | Mike Walker | Cuttack |
| Android Application development        | Mike Walker | Cuttack |
+----------------------------------------+-------------+---------+
16 rows in set (0.0008 sec)
 MySQL  localhost:3306 ssl  company  SQL > select a.projectname, b.fullname
                                        -> from projects a
                                        -> lest join rmployee b
                                        -> on a.employeeid = b.employeeid;
ERROR: 1064 (42000): You have an error in your SQL syntax; check the manual that corresponds to your MySQL server version for the right syntax to use near 'lest join rmployee b
on a.employeeid = b.employeeid' at line 3
 MySQL  localhost:3306 ssl  company  SQL > select a.projectname, b.fullname from projects a left join rmployee b on a.employeeid = b.employeeid;
ERROR: 1146 (42S02): Table 'company.rmployee' doesn't exist
 MySQL  localhost:3306 ssl  company  SQL > select a.projectname, b.fullname from projects a left join employee b on a.employeeid = b.employeeid;
+------------------------------------------------------+-------------------+
| projectname                                          | fullname          |
+------------------------------------------------------+-------------------+
| Develop Ecommerse Website from scratch               | James Brown       |
| WordPress Website for our company                    | Mary Smith        |
| Manage our Company Servers                           | Priyanla Dewangan |
| Hosting account is not working                       | Pranaya Kumar     |
| MySQL database from my desktop application           | Hina Sharma       |
| Develop new WordPress plugin for my business website | NULL              |
| Migrate web application and database to new server   | NULL              |
| Android Application development                      | Mike Walker       |
| Hosting account is not working                       | John Doe          |
| MySQL database from my desktop application           | Sambit Mohanty    |
| Develop new WordPress plugin for my business website | NULL              |
| Develop Ecommerse Website from scratch               | James Brown       |
| WordPress Website for our company                    | Mary Smith        |
| Manage our Company Servers                           | Priyanla Dewangan |
| Hosting account is not working                       | Pranaya Kumar     |
| MySQL database from my desktop application           | Hina Sharma       |
| Develop new WordPress plugin for my business website | NULL              |
| Migrate web application and database to new server   | NULL              |
| Android Application development                      | Mike Walker       |
| Hosting account is not working                       | John Doe          |
| MySQL database from my desktop application           | Sambit Mohanty    |
| Develop new WordPress plugin for my business website | NULL              |
+------------------------------------------------------+-------------------+
22 rows in set (0.0005 sec)
 MySQL  localhost:3306 ssl  company  SQL > select a.projectname, b.fullname from projects a left join employee b on a.employeeid = b.employeeid order by b.fullname;
+------------------------------------------------------+-------------------+
| projectname                                          | fullname          |
+------------------------------------------------------+-------------------+
| Develop new WordPress plugin for my business website | NULL              |
| Migrate web application and database to new server   | NULL              |
| Develop new WordPress plugin for my business website | NULL              |
| Develop new WordPress plugin for my business website | NULL              |
| Migrate web application and database to new server   | NULL              |
| Develop new WordPress plugin for my business website | NULL              |
| MySQL database from my desktop application           | Hina Sharma       |
| MySQL database from my desktop application           | Hina Sharma       |
| Develop Ecommerse Website from scratch               | James Brown       |
| Develop Ecommerse Website from scratch               | James Brown       |
| Hosting account is not working                       | John Doe          |
| Hosting account is not working                       | John Doe          |
| WordPress Website for our company                    | Mary Smith        |
| WordPress Website for our company                    | Mary Smith        |
| Android Application development                      | Mike Walker       |
| Android Application development                      | Mike Walker       |
| Hosting account is not working                       | Pranaya Kumar     |
| Hosting account is not working                       | Pranaya Kumar     |
| Manage our Company Servers                           | Priyanla Dewangan |
| Manage our Company Servers                           | Priyanla Dewangan |
| MySQL database from my desktop application           | Sambit Mohanty    |
| MySQL database from my desktop application           | Sambit Mohanty    |
+------------------------------------------------------+-------------------+
22 rows in set (0.0009 sec)
 MySQL  localhost:3306 ssl  company  SQL >